// Jest Snapshot v1, https://goo.gl/fbAQLP

exports[`test MOnthPicker component should render the component to match the snapshot 1`] = `undefined`;

exports[`test MonthPicker component should render the component to match the snapshot 1`] = `undefined`;
